// Jest Snapshot v1, https://goo.gl/fbAQLP

exports[`About Component renders about view 1`] = `
<div
  class="box"
>
  <h5
    class="title is-5 has-text-primary"
  >
    About Vue Playground
  </h5>
   
  <p>
    Just a sandbox to play with Vue, Vue Router, Vuex and Bulma.
  </p>
</div>
`;
